// Jest Snapshot v1, https://goo.gl/fbAQLP

exports[`test Home Content test Home Content with data: After click change users button 1`] = `
<div
  id="home-page"
>
  <div
    class="article-list"
  >
    <div
      class="article-item"
    >
      <a
        href="/article/4"
      >
        4. 产品经理必备的5类原型部件，你知道几个？
      </a>
      <p>
         这是Kevin的第868篇原创    做产品经理多年来，我最喜欢的原型工具就是axure，主要因为原型工具用的顺手就行，在没有团队强制要求下我会选择这类工具。随着时间变化，产品经理本身原型工具的选择...
      </p>
      <div
        class="info-bar"
      >
        <div
          class="info-item"
        >
          <span>
            星:
          </span>
          <span>
            135
          </span>
        </div>
        <div
          class="info-item"
        >
          <span />
          <span>
            测试账号A
          </span>
        </div>
        <div
          class="info-item"
        >
          <span>
            评论:
          </span>
          <span>
            33
          </span>
        </div>
        <div
          class="info-item"
        >
          <span>
            点赞:
          </span>
          <span>
            55
          </span>
        </div>
      </div>
    </div>
    <div
      class="article-item"
    >
      <a
        href="/article/10"
      >
        10. 产品经理必备的5类原型部件，你知道几个？
      </a>
      <p>
         这是Kevin的第868篇原创    做产品经理多年来，我最喜欢的原型工具就是axure，主要因为原型工具用的顺手就行，在没有团队强制要求下我会选择这类工具。随着时间变化，产品经理本身原型工具的选择...
      </p>
      <div
        class="info-bar"
      >
        <div
          class="info-item"
        >
          <span>
            星:
          </span>
          <span>
            55
          </span>
        </div>
        <div
          class="info-item"
        >
          <span />
          <span>
            测试账号C
          </span>
        </div>
        <div
          class="info-item"
        >
          <span>
            评论:
          </span>
          <span>
            33
          </span>
        </div>
        <div
          class="info-item"
        >
          <span>
            点赞:
          </span>
          <span>
            155
          </span>
        </div>
      </div>
    </div>
    <div
      class="article-item"
    >
      <a
        href="/article/5"
      >
        5. 产品经理必备的5类原型部件，你知道几个？
      </a>
      <p>
         这是Kevin的第868篇原创    做产品经理多年来，我最喜欢的原型工具就是axure，主要因为原型工具用的顺手就行，在没有团队强制要求下我会选择这类工具。随着时间变化，产品经理本身原型工具的选择...
      </p>
      <div
        class="info-bar"
      >
        <div
          class="info-item"
        >
          <span>
            星:
          </span>
          <span>
            35
          </span>
        </div>
        <div
          class="info-item"
        >
          <span />
          <span>
            测试账号A
          </span>
        </div>
        <div
          class="info-item"
        >
          <span>
            评论:
          </span>
          <span>
            33
          </span>
        </div>
        <div
          class="info-item"
        >
          <span>
            点赞:
          </span>
          <span>
            55
          </span>
        </div>
      </div>
    </div>
    <div
      class="article-item"
    >
      <a
        href="/article/2"
      >
        2. 产品经理必备的5类原型部件，你知道几个？
      </a>
      <p>
         这是Kevin的第868篇原创    做产品经理多年来，我最喜欢的原型工具就是axure，主要因为原型工具用的顺手就行，在没有团队强制要求下我会选择这类工具。随着时间变化，产品经理本身原型工具的选择...
      </p>
      <div
        class="info-bar"
      >
        <div
          class="info-item"
        >
          <span>
            星:
          </span>
          <span>
            35
          </span>
        </div>
        <div
          class="info-item"
        >
          <span />
          <span>
            测试账号A
          </span>
        </div>
        <div
          class="info-item"
        >
          <span>
            评论:
          </span>
          <span>
            33
          </span>
        </div>
        <div
          class="info-item"
        >
          <span>
            点赞:
          </span>
          <span>
            55
          </span>
        </div>
      </div>
    </div>
    <div
      class="article-item"
    >
      <a
        href="/article/1"
      >
        1. 产品经理必备的5类原型部件，你知道几个？
      </a>
      <p>
         这是Kevin的第868篇原创    做产品经理多年来，我最喜欢的原型工具就是axure，主要因为原型工具用的顺手就行，在没有团队强制要求下我会选择这类工具。随着时间变化，产品经理本身原型工具的选择...
      </p>
      <div
        class="info-bar"
      >
        <div
          class="info-item"
        >
          <span>
            星:
          </span>
          <span>
            35
          </span>
        </div>
        <div
          class="info-item"
        >
          <span />
          <span>
            测试账号A
          </span>
        </div>
        <div
          class="info-item"
        >
          <span>
            评论:
          </span>
          <span>
            33
          </span>
        </div>
        <div
          class="info-item"
        >
          <span>
            点赞:
          </span>
          <span>
            55
          </span>
        </div>
      </div>
    </div>
    <div
      class="article-item"
    >
      <a
        href="/article/8"
      >
        8. 产品经理必备的5类原型部件，你知道几个？
      </a>
      <p>
         这是Kevin的第868篇原创    做产品经理多年来，我最喜欢的原型工具就是axure，主要因为原型工具用的顺手就行，在没有团队强制要求下我会选择这类工具。随着时间变化，产品经理本身原型工具的选择...
      </p>
      <div
        class="info-bar"
      >
        <div
          class="info-item"
        >
          <span>
            星:
          </span>
          <span>
            135
          </span>
        </div>
        <div
          class="info-item"
        >
          <span />
          <span>
            测试账号M
          </span>
        </div>
        <div
          class="info-item"
        >
          <span>
            评论:
          </span>
          <span>
            33
          </span>
        </div>
        <div
          class="info-item"
        >
          <span>
            点赞:
          </span>
          <span>
            55
          </span>
        </div>
      </div>
    </div>
    <button>
      加载更多
    </button>
  </div>
  <div
    class="right-section"
  >
    <div
      class="recommend-user-list"
    >
      <div
        class="top-bar"
      >
        <span>
          推荐作者
        </span>
        <button>
          换一批
        </button>
      </div>
      <div
        class="user-item"
      >
        <img
          src="/default.jpg"
        />
        <div
          class="user-info"
        >
          <a
            href="#"
          >
            测试账号N
          </a>
          <p>
            写了622.3k字 · 1.1k喜欢
          </p>
        </div>
        <div
          class="follow"
        >
          <a
            href="#"
          >
            关注
          </a>
        </div>
      </div>
    </div>
  </div>
</div>
`;

exports[`test Home Content test Home Content with data: After click more button 1`] = `
<div
  id="home-page"
>
  <div
    class="article-list"
  >
    <div
      class="article-item"
    >
      <a
        href="/article/4"
      >
        4. 产品经理必备的5类原型部件，你知道几个？
      </a>
      <p>
         这是Kevin的第868篇原创    做产品经理多年来，我最喜欢的原型工具就是axure，主要因为原型工具用的顺手就行，在没有团队强制要求下我会选择这类工具。随着时间变化，产品经理本身原型工具的选择...
      </p>
      <div
        class="info-bar"
      >
        <div
          class="info-item"
        >
          <span>
            星:
          </span>
          <span>
            135
          </span>
        </div>
        <div
          class="info-item"
        >
          <span />
          <span>
            测试账号A
          </span>
        </div>
        <div
          class="info-item"
        >
          <span>
            评论:
          </span>
          <span>
            33
          </span>
        </div>
        <div
          class="info-item"
        >
          <span>
            点赞:
          </span>
          <span>
            55
          </span>
        </div>
      </div>
    </div>
    <div
      class="article-item"
    >
      <a
        href="/article/10"
      >
        10. 产品经理必备的5类原型部件，你知道几个？
      </a>
      <p>
         这是Kevin的第868篇原创    做产品经理多年来，我最喜欢的原型工具就是axure，主要因为原型工具用的顺手就行，在没有团队强制要求下我会选择这类工具。随着时间变化，产品经理本身原型工具的选择...
      </p>
      <div
        class="info-bar"
      >
        <div
          class="info-item"
        >
          <span>
            星:
          </span>
          <span>
            55
          </span>
        </div>
        <div
          class="info-item"
        >
          <span />
          <span>
            测试账号C
          </span>
        </div>
        <div
          class="info-item"
        >
          <span>
            评论:
          </span>
          <span>
            33
          </span>
        </div>
        <div
          class="info-item"
        >
          <span>
            点赞:
          </span>
          <span>
            155
          </span>
        </div>
      </div>
    </div>
    <div
      class="article-item"
    >
      <a
        href="/article/5"
      >
        5. 产品经理必备的5类原型部件，你知道几个？
      </a>
      <p>
         这是Kevin的第868篇原创    做产品经理多年来，我最喜欢的原型工具就是axure，主要因为原型工具用的顺手就行，在没有团队强制要求下我会选择这类工具。随着时间变化，产品经理本身原型工具的选择...
      </p>
      <div
        class="info-bar"
      >
        <div
          class="info-item"
        >
          <span>
            星:
          </span>
          <span>
            35
          </span>
        </div>
        <div
          class="info-item"
        >
          <span />
          <span>
            测试账号A
          </span>
        </div>
        <div
          class="info-item"
        >
          <span>
            评论:
          </span>
          <span>
            33
          </span>
        </div>
        <div
          class="info-item"
        >
          <span>
            点赞:
          </span>
          <span>
            55
          </span>
        </div>
      </div>
    </div>
    <div
      class="article-item"
    >
      <a
        href="/article/2"
      >
        2. 产品经理必备的5类原型部件，你知道几个？
      </a>
      <p>
         这是Kevin的第868篇原创    做产品经理多年来，我最喜欢的原型工具就是axure，主要因为原型工具用的顺手就行，在没有团队强制要求下我会选择这类工具。随着时间变化，产品经理本身原型工具的选择...
      </p>
      <div
        class="info-bar"
      >
        <div
          class="info-item"
        >
          <span>
            星:
          </span>
          <span>
            35
          </span>
        </div>
        <div
          class="info-item"
        >
          <span />
          <span>
            测试账号A
          </span>
        </div>
        <div
          class="info-item"
        >
          <span>
            评论:
          </span>
          <span>
            33
          </span>
        </div>
        <div
          class="info-item"
        >
          <span>
            点赞:
          </span>
          <span>
            55
          </span>
        </div>
      </div>
    </div>
    <div
      class="article-item"
    >
      <a
        href="/article/1"
      >
        1. 产品经理必备的5类原型部件，你知道几个？
      </a>
      <p>
         这是Kevin的第868篇原创    做产品经理多年来，我最喜欢的原型工具就是axure，主要因为原型工具用的顺手就行，在没有团队强制要求下我会选择这类工具。随着时间变化，产品经理本身原型工具的选择...
      </p>
      <div
        class="info-bar"
      >
        <div
          class="info-item"
        >
          <span>
            星:
          </span>
          <span>
            35
          </span>
        </div>
        <div
          class="info-item"
        >
          <span />
          <span>
            测试账号A
          </span>
        </div>
        <div
          class="info-item"
        >
          <span>
            评论:
          </span>
          <span>
            33
          </span>
        </div>
        <div
          class="info-item"
        >
          <span>
            点赞:
          </span>
          <span>
            55
          </span>
        </div>
      </div>
    </div>
    <div
      class="article-item"
    >
      <a
        href="/article/8"
      >
        8. 产品经理必备的5类原型部件，你知道几个？
      </a>
      <p>
         这是Kevin的第868篇原创    做产品经理多年来，我最喜欢的原型工具就是axure，主要因为原型工具用的顺手就行，在没有团队强制要求下我会选择这类工具。随着时间变化，产品经理本身原型工具的选择...
      </p>
      <div
        class="info-bar"
      >
        <div
          class="info-item"
        >
          <span>
            星:
          </span>
          <span>
            135
          </span>
        </div>
        <div
          class="info-item"
        >
          <span />
          <span>
            测试账号M
          </span>
        </div>
        <div
          class="info-item"
        >
          <span>
            评论:
          </span>
          <span>
            33
          </span>
        </div>
        <div
          class="info-item"
        >
          <span>
            点赞:
          </span>
          <span>
            55
          </span>
        </div>
      </div>
    </div>
    <button>
      加载更多
    </button>
  </div>
  <div
    class="right-section"
  >
    <div
      class="recommend-user-list"
    >
      <div
        class="top-bar"
      >
        <span>
          推荐作者
        </span>
        <button>
          换一批
        </button>
      </div>
      <div
        class="user-item"
      >
        <img
          src="/default.jpg"
        />
        <div
          class="user-info"
        >
          <a
            href="#"
          >
            测试账号F
          </a>
          <p>
            写了622.3k字 · 1.1k喜欢
          </p>
        </div>
        <div
          class="follow"
        >
          <a
            href="#"
          >
            关注
          </a>
        </div>
      </div>
      <div
        class="user-item"
      >
        <img
          src="/default.jpg"
        />
        <div
          class="user-info"
        >
          <a
            href="#"
          >
            测试账号H
          </a>
          <p>
            写了331.4k字 · 1.1k喜欢
          </p>
        </div>
        <div
          class="follow"
        >
          <a
            href="#"
          >
            关注
          </a>
        </div>
      </div>
      <div
        class="user-item"
      >
        <img
          src="/default.jpg"
        />
        <div
          class="user-info"
        >
          <a
            href="#"
          >
            测试账号B
          </a>
          <p>
            写了9823.3k字 · 351喜欢
          </p>
        </div>
        <div
          class="follow"
        >
          <a
            href="#"
          >
            关注
          </a>
        </div>
      </div>
      <div
        class="user-item"
      >
        <img
          src="/default.jpg"
        />
        <div
          class="user-info"
        >
          <a
            href="#"
          >
            测试账号E
          </a>
          <p>
            写了22.3k字 · 111喜欢
          </p>
        </div>
        <div
          class="follow"
        >
          <a
            href="#"
          >
            关注
          </a>
        </div>
      </div>
      <div
        class="user-item"
      >
        <img
          src="/default.jpg"
        />
        <div
          class="user-info"
        >
          <a
            href="#"
          >
            测试账号A
          </a>
          <p>
            写了523.3k字 · 35喜欢
          </p>
        </div>
        <div
          class="follow"
        >
          <a
            href="#"
          >
            关注
          </a>
        </div>
      </div>
    </div>
  </div>
</div>
`;

exports[`test Home Content test Home Content with data: When Home Content rendered with full data 1`] = `
<div
  id="home-page"
>
  <div
    class="article-list"
  >
    <div
      class="article-item"
    >
      <a
        href="/article/4"
      >
        4. 产品经理必备的5类原型部件，你知道几个？
      </a>
      <p>
         这是Kevin的第868篇原创    做产品经理多年来，我最喜欢的原型工具就是axure，主要因为原型工具用的顺手就行，在没有团队强制要求下我会选择这类工具。随着时间变化，产品经理本身原型工具的选择...
      </p>
      <div
        class="info-bar"
      >
        <div
          class="info-item"
        >
          <span>
            星:
          </span>
          <span>
            135
          </span>
        </div>
        <div
          class="info-item"
        >
          <span />
          <span>
            测试账号A
          </span>
        </div>
        <div
          class="info-item"
        >
          <span>
            评论:
          </span>
          <span>
            33
          </span>
        </div>
        <div
          class="info-item"
        >
          <span>
            点赞:
          </span>
          <span>
            55
          </span>
        </div>
      </div>
    </div>
    <div
      class="article-item"
    >
      <a
        href="/article/10"
      >
        10. 产品经理必备的5类原型部件，你知道几个？
      </a>
      <p>
         这是Kevin的第868篇原创    做产品经理多年来，我最喜欢的原型工具就是axure，主要因为原型工具用的顺手就行，在没有团队强制要求下我会选择这类工具。随着时间变化，产品经理本身原型工具的选择...
      </p>
      <div
        class="info-bar"
      >
        <div
          class="info-item"
        >
          <span>
            星:
          </span>
          <span>
            55
          </span>
        </div>
        <div
          class="info-item"
        >
          <span />
          <span>
            测试账号C
          </span>
        </div>
        <div
          class="info-item"
        >
          <span>
            评论:
          </span>
          <span>
            33
          </span>
        </div>
        <div
          class="info-item"
        >
          <span>
            点赞:
          </span>
          <span>
            155
          </span>
        </div>
      </div>
    </div>
    <div
      class="article-item"
    >
      <a
        href="/article/5"
      >
        5. 产品经理必备的5类原型部件，你知道几个？
      </a>
      <p>
         这是Kevin的第868篇原创    做产品经理多年来，我最喜欢的原型工具就是axure，主要因为原型工具用的顺手就行，在没有团队强制要求下我会选择这类工具。随着时间变化，产品经理本身原型工具的选择...
      </p>
      <div
        class="info-bar"
      >
        <div
          class="info-item"
        >
          <span>
            星:
          </span>
          <span>
            35
          </span>
        </div>
        <div
          class="info-item"
        >
          <span />
          <span>
            测试账号A
          </span>
        </div>
        <div
          class="info-item"
        >
          <span>
            评论:
          </span>
          <span>
            33
          </span>
        </div>
        <div
          class="info-item"
        >
          <span>
            点赞:
          </span>
          <span>
            55
          </span>
        </div>
      </div>
    </div>
    <div
      class="article-item"
    >
      <a
        href="/article/2"
      >
        2. 产品经理必备的5类原型部件，你知道几个？
      </a>
      <p>
         这是Kevin的第868篇原创    做产品经理多年来，我最喜欢的原型工具就是axure，主要因为原型工具用的顺手就行，在没有团队强制要求下我会选择这类工具。随着时间变化，产品经理本身原型工具的选择...
      </p>
      <div
        class="info-bar"
      >
        <div
          class="info-item"
        >
          <span>
            星:
          </span>
          <span>
            35
          </span>
        </div>
        <div
          class="info-item"
        >
          <span />
          <span>
            测试账号A
          </span>
        </div>
        <div
          class="info-item"
        >
          <span>
            评论:
          </span>
          <span>
            33
          </span>
        </div>
        <div
          class="info-item"
        >
          <span>
            点赞:
          </span>
          <span>
            55
          </span>
        </div>
      </div>
    </div>
    <div
      class="article-item"
    >
      <a
        href="/article/1"
      >
        1. 产品经理必备的5类原型部件，你知道几个？
      </a>
      <p>
         这是Kevin的第868篇原创    做产品经理多年来，我最喜欢的原型工具就是axure，主要因为原型工具用的顺手就行，在没有团队强制要求下我会选择这类工具。随着时间变化，产品经理本身原型工具的选择...
      </p>
      <div
        class="info-bar"
      >
        <div
          class="info-item"
        >
          <span>
            星:
          </span>
          <span>
            35
          </span>
        </div>
        <div
          class="info-item"
        >
          <span />
          <span>
            测试账号A
          </span>
        </div>
        <div
          class="info-item"
        >
          <span>
            评论:
          </span>
          <span>
            33
          </span>
        </div>
        <div
          class="info-item"
        >
          <span>
            点赞:
          </span>
          <span>
            55
          </span>
        </div>
      </div>
    </div>
    <button>
      加载更多
    </button>
  </div>
  <div
    class="right-section"
  >
    <div
      class="recommend-user-list"
    >
      <div
        class="top-bar"
      >
        <span>
          推荐作者
        </span>
        <button>
          换一批
        </button>
      </div>
      <div
        class="user-item"
      >
        <img
          src="/default.jpg"
        />
        <div
          class="user-info"
        >
          <a
            href="#"
          >
            测试账号F
          </a>
          <p>
            写了622.3k字 · 1.1k喜欢
          </p>
        </div>
        <div
          class="follow"
        >
          <a
            href="#"
          >
            关注
          </a>
        </div>
      </div>
      <div
        class="user-item"
      >
        <img
          src="/default.jpg"
        />
        <div
          class="user-info"
        >
          <a
            href="#"
          >
            测试账号H
          </a>
          <p>
            写了331.4k字 · 1.1k喜欢
          </p>
        </div>
        <div
          class="follow"
        >
          <a
            href="#"
          >
            关注
          </a>
        </div>
      </div>
      <div
        class="user-item"
      >
        <img
          src="/default.jpg"
        />
        <div
          class="user-info"
        >
          <a
            href="#"
          >
            测试账号B
          </a>
          <p>
            写了9823.3k字 · 351喜欢
          </p>
        </div>
        <div
          class="follow"
        >
          <a
            href="#"
          >
            关注
          </a>
        </div>
      </div>
      <div
        class="user-item"
      >
        <img
          src="/default.jpg"
        />
        <div
          class="user-info"
        >
          <a
            href="#"
          >
            测试账号E
          </a>
          <p>
            写了22.3k字 · 111喜欢
          </p>
        </div>
        <div
          class="follow"
        >
          <a
            href="#"
          >
            关注
          </a>
        </div>
      </div>
      <div
        class="user-item"
      >
        <img
          src="/default.jpg"
        />
        <div
          class="user-info"
        >
          <a
            href="#"
          >
            测试账号A
          </a>
          <p>
            写了523.3k字 · 35喜欢
          </p>
        </div>
        <div
          class="follow"
        >
          <a
            href="#"
          >
            关注
          </a>
        </div>
      </div>
    </div>
  </div>
</div>
`;
